#
# There is insufficient memory for the Java Runtime Environment to continue.
# Native memory allocation (malloc) failed to allocate 32744 bytes. Error detail: Chunk::new
# Possible reasons:
#   The system is out of physical RAM or swap space
#   This process is running with CompressedOops enabled, and the Java Heap may be blocking the growth of the native heap
# Possible solutions:
#   Reduce memory load on the system
#   Increase physical memory or swap space
#   Check if swap backing store is full
#   Decrease Java heap size (-Xmx/-Xms)
#   Decrease number of Java threads
#   Decrease Java thread stack sizes (-Xss)
#   Set larger code cache with -XX:ReservedCodeCacheSize=
#   JVM is running with Zero Based Compressed Oops mode in which the Java heap is
#     placed in the first 32GB address space. The Java Heap base address is the
#     maximum limit for the native heap growth. Please use -XX:HeapBaseMinAddress
#     to set the Java Heap base and to place the Java Heap above 32GB virtual address.
# This output file may be truncated or incomplete.
#
#  Out of Memory Error (arena.cpp:149), pid=11072, tid=3924
#
# JRE version: OpenJDK Runtime Environment (23.0.1+11) (build 23.0.1+11-39)
# Java VM: OpenJDK 64-Bit Server VM (23.0.1+11-39, mixed mode, emulated-client, sharing, tiered, compressed oops, compressed class ptrs, g1 gc, windows-amd64)
# No core dump will be written. Minidumps are not enabled by default on client versions of Windows
#

---------------  S U M M A R Y ------------

Command Line: -XX:TieredStopAtLevel=1 -Dspring.output.ansi.enabled=always -Dcom.sun.management.jmxremote -Dspring.jmx.enabled=true -Dspring.liveBeansView.mbeanDomain -Dspring.application.admin.enabled=true -Dmanagement.endpoints.jmx.exposure.include=* -javaagent:E:\IntelliJ\lib\idea_rt.jar=60473:E:\IntelliJ\bin -Dfile.encoding=UTF-8 -Dsun.stdout.encoding=UTF-8 -Dsun.stderr.encoding=UTF-8 com.example.student.StudentApplication

Host: 11th Gen Intel(R) Core(TM) i7-1165G7 @ 2.80GHz, 8 cores, 15G,  Windows 10 , 64 bit Build 19041 (10.0.19041.5915)
Time: Tue Jul 15 13:49:43 2025 Sri Lanka Standard Time elapsed time: 6.766999 seconds (0d 0h 0m 6s)

---------------  T H R E A D  ---------------

Current thread (0x000002815e0de020):  JavaThread "C1 CompilerThread1" daemon [_thread_in_native, id=3924, stack(0x000000cf27900000,0x000000cf27a00000) (1024K)]


Current CompileTask:
C1:6767 8436       1       org.apache.tomcat.util.buf.CharChunk::startsWithIgnoreCase (83 bytes)

Stack: [0x000000cf27900000,0x000000cf27a00000]
Native frames: (J=compiled Java code, j=interpreted, Vv=VM code, C=native code)
V  [jvm.dll+0x6e08b9]  (no source info available)
V  [jvm.dll+0x87dc83]  (no source info available)
V  [jvm.dll+0x88010e]  (no source info available)
V  [jvm.dll+0x8807e3]  (no source info available)
V  [jvm.dll+0x27aee6]  (no source info available)
V  [jvm.dll+0xbc06f]  (no source info available)
V  [jvm.dll+0xbc2cb]  (no source info available)
V  [jvm.dll+0x13b8ce]  (no source info available)
V  [jvm.dll+0x15e852]  (no source info available)
V  [jvm.dll+0x153f5d]  (no source info available)
V  [jvm.dll+0x1602f6]  (no source info available)
V  [jvm.dll+0x1635e6]  (no source info available)
V  [jvm.dll+0x162fc1]  (no source info available)
V  [jvm.dll+0x15a852]  (no source info available)
V  [jvm.dll+0x15caca]  (no source info available)
V  [jvm.dll+0x15affc]  (no source info available)
V  [jvm.dll+0x163af1]  (no source info available)
V  [jvm.dll+0x162fc1]  (no source info available)
V  [jvm.dll+0x15a852]  (no source info available)
V  [jvm.dll+0x15caca]  (no source info available)
V  [jvm.dll+0x15b0f5]  (no source info available)
V  [jvm.dll+0x15463f]  (no source info available)
V  [jvm.dll+0x164c46]  (no source info available)
V  [jvm.dll+0x14fd7b]  (no source info available)
V  [jvm.dll+0x150173]  (no source info available)
V  [jvm.dll+0x1504db]  (no source info available)
V  [jvm.dll+0x14f8a8]  (no source info available)
V  [jvm.dll+0x1516ed]  (no source info available)
V  [jvm.dll+0x253cf1]  (no source info available)
V  [jvm.dll+0x251faa]  (no source info available)
V  [jvm.dll+0x3ee036]  (no source info available)
V  [jvm.dll+0x824f8b]  (no source info available)
V  [jvm.dll+0x6df065]  (no source info available)
C  [ucrtbase.dll+0x21bb2]  (no source info available)
C  [KERNEL32.DLL+0x17374]  (no source info available)
C  [ntdll.dll+0x4cc91]  (no source info available)

Lock stack of current Java thread (top to bottom):


---------------  P R O C E S S  ---------------

Threads class SMR info:
_java_thread_list=0x0000028160419af0, length=39, elements={
0x0000028118734cf0, 0x0000028118735dc0, 0x0000028118738bf0, 0x000002811873a7c0,
0x000002811873b580, 0x000002811873bfe0, 0x00000281187442c0, 0x000002815e0d5d20,
0x000002815e0de020, 0x000002815e0dcbb0, 0x000002815e0de6f0, 0x000002815e403dc0,
0x000002815e407ce0, 0x000002815e765640, 0x000002815e771000, 0x000002815e7fc330,
0x000002815e7ec940, 0x000002815ef73f60, 0x000002815ef74c80, 0x000002815ef75310,
0x000002815ef759a0, 0x000002815ef72bb0, 0x000002816026d120, 0x000002816026f880,
0x000002816026d7b0, 0x0000028160270c30, 0x0000028160273390, 0x0000028160273a20,
0x0000028160272670, 0x0000028160272d00, 0x000002816026f1f0, 0x00000281602740b0,
0x0000028160274740, 0x00000281602712c0, 0x00000281602705a0, 0x0000028160271fe0,
0x000002816026e4d0, 0x000002816026ff10, 0x0000028160271950
}

Java Threads: ( => current thread )
  0x0000028118734cf0 JavaThread "Reference Handler"          daemon [_thread_blocked, id=15876, stack(0x000000cf27100000,0x000000cf27200000) (1024K)]
  0x0000028118735dc0 JavaThread "Finalizer"                  daemon [_thread_blocked, id=1132, stack(0x000000cf27200000,0x000000cf27300000) (1024K)]
  0x0000028118738bf0 JavaThread "Signal Dispatcher"          daemon [_thread_blocked, id=6252, stack(0x000000cf27300000,0x000000cf27400000) (1024K)]
  0x000002811873a7c0 JavaThread "Attach Listener"            daemon [_thread_blocked, id=11644, stack(0x000000cf27400000,0x000000cf27500000) (1024K)]
  0x000002811873b580 JavaThread "Service Thread"             daemon [_thread_blocked, id=3684, stack(0x000000cf27500000,0x000000cf27600000) (1024K)]
  0x000002811873bfe0 JavaThread "Monitor Deflation Thread"   daemon [_thread_blocked, id=7576, stack(0x000000cf27600000,0x000000cf27700000) (1024K)]
  0x00000281187442c0 JavaThread "C1 CompilerThread0"         daemon [_thread_blocked, id=8992, stack(0x000000cf27700000,0x000000cf27800000) (1024K)]
  0x000002815e0d5d20 JavaThread "Common-Cleaner"             daemon [_thread_blocked, id=15160, stack(0x000000cf27800000,0x000000cf27900000) (1024K)]
=>0x000002815e0de020 JavaThread "C1 CompilerThread1"         daemon [_thread_in_native, id=3924, stack(0x000000cf27900000,0x000000cf27a00000) (1024K)]
  0x000002815e0dcbb0 JavaThread "C1 CompilerThread2"         daemon [_thread_blocked, id=5816, stack(0x000000cf27a00000,0x000000cf27b00000) (1024K)]
  0x000002815e0de6f0 JavaThread "C1 CompilerThread3"         daemon [_thread_blocked, id=13252, stack(0x000000cf27b00000,0x000000cf27c00000) (1024K)]
  0x000002815e403dc0 JavaThread "Monitor Ctrl-Break"         daemon [_thread_in_native, id=11276, stack(0x000000cf27c00000,0x000000cf27d00000) (1024K)]
  0x000002815e407ce0 JavaThread "Notification Thread"        daemon [_thread_blocked, id=13888, stack(0x000000cf27d00000,0x000000cf27e00000) (1024K)]
  0x000002815e765640 JavaThread "RMI TCP Accept-0"           daemon [_thread_in_native, id=16212, stack(0x000000cf27e00000,0x000000cf27f00000) (1024K)]
  0x000002815e771000 JavaThread "RMI TCP Connection(1)-10.98.103.38" daemon [_thread_in_native, id=8920, stack(0x000000cf27f00000,0x000000cf28000000) (1024K)]
  0x000002815e7fc330 JavaThread "RMI Scheduler(0)"           daemon [_thread_blocked, id=11372, stack(0x000000cf28000000,0x000000cf28100000) (1024K)]
  0x000002815e7ec940 JavaThread "JMX server connection timeout 26" daemon [_thread_blocked, id=7136, stack(0x000000cf28100000,0x000000cf28200000) (1024K)]
  0x000002815ef73f60 JavaThread "Catalina-utility-1"                [_thread_blocked, id=13344, stack(0x000000cf28b00000,0x000000cf28c00000) (1024K)]
  0x000002815ef74c80 JavaThread "Catalina-utility-2"                [_thread_blocked, id=5188, stack(0x000000cf28d00000,0x000000cf28e00000) (1024K)]
  0x000002815ef75310 JavaThread "container-0"                       [_thread_blocked, id=1264, stack(0x000000cf28e00000,0x000000cf28f00000) (1024K)]
  0x000002815ef759a0 JavaThread "BufferPoolPruner-1-thread-1" daemon [_thread_blocked, id=964, stack(0x000000cf28f00000,0x000000cf29000000) (1024K)]
  0x000002815ef72bb0 JavaThread "cluster-ClusterId{value='68760f1a3e9da710321fba3d', description='null'}-localhost:27017" daemon [_thread_in_native, id=7080, stack(0x000000cf29000000,0x000000cf29100000) (1024K)]
  0x000002816026d120 JavaThread "cluster-rtt-ClusterId{value='68760f1a3e9da710321fba3d', description='null'}-localhost:27017" daemon [_thread_blocked, id=6192, stack(0x000000cf29100000,0x000000cf29200000) (1024K)]
  0x000002816026f880 JavaThread "MaintenanceTimer-2-thread-1" daemon [_thread_blocked, id=12524, stack(0x000000cf29300000,0x000000cf29400000) (1024K)]
  0x000002816026d7b0 JavaThread "Live Reload Server"         daemon [_thread_in_native, id=9380, stack(0x000000cf29500000,0x000000cf29600000) (1024K)]
  0x0000028160270c30 JavaThread "File Watcher"               daemon [_thread_blocked, id=7128, stack(0x000000cf29400000,0x000000cf29500000) (1024K)]
  0x0000028160273390 JavaThread "http-nio-8080-exec-1"       daemon [_thread_blocked, id=16468, stack(0x000000cf29600000,0x000000cf29700000) (1024K)]
  0x0000028160273a20 JavaThread "http-nio-8080-exec-2"       daemon [_thread_blocked, id=17084, stack(0x000000cf29700000,0x000000cf29800000) (1024K)]
  0x0000028160272670 JavaThread "http-nio-8080-exec-3"       daemon [_thread_blocked, id=3772, stack(0x000000cf29800000,0x000000cf29900000) (1024K)]
  0x0000028160272d00 JavaThread "http-nio-8080-exec-4"       daemon [_thread_blocked, id=2172, stack(0x000000cf29900000,0x000000cf29a00000) (1024K)]
  0x000002816026f1f0 JavaThread "http-nio-8080-exec-5"       daemon [_thread_blocked, id=16656, stack(0x000000cf29a00000,0x000000cf29b00000) (1024K)]
  0x00000281602740b0 JavaThread "http-nio-8080-exec-6"       daemon [_thread_blocked, id=15408, stack(0x000000cf29b00000,0x000000cf29c00000) (1024K)]
  0x0000028160274740 JavaThread "http-nio-8080-exec-7"       daemon [_thread_blocked, id=7252, stack(0x000000cf29c00000,0x000000cf29d00000) (1024K)]
  0x00000281602712c0 JavaThread "http-nio-8080-exec-8"       daemon [_thread_blocked, id=9528, stack(0x000000cf29d00000,0x000000cf29e00000) (1024K)]
  0x00000281602705a0 JavaThread "http-nio-8080-exec-9"       daemon [_thread_blocked, id=13480, stack(0x000000cf29e00000,0x000000cf29f00000) (1024K)]
  0x0000028160271fe0 JavaThread "http-nio-8080-exec-10"      daemon [_thread_blocked, id=9924, stack(0x000000cf29f00000,0x000000cf2a000000) (1024K)]
  0x000002816026e4d0 JavaThread "http-nio-8080-Poller"       daemon [_thread_in_native, id=1916, stack(0x000000cf2a000000,0x000000cf2a100000) (1024K)]
  0x000002816026ff10 JavaThread "http-nio-8080-Acceptor"     daemon [_thread_in_native, id=7868, stack(0x000000cf2a100000,0x000000cf2a200000) (1024K)]
  0x0000028160271950 JavaThread "DestroyJavaVM"                     [_thread_blocked, id=17256, stack(0x000000cf26900000,0x000000cf26a00000) (1024K)]
Total: 39

Other Threads:
  0x000002811871bde0 VMThread "VM Thread"                           [id=12516, stack(0x000000cf27000000,0x000000cf27100000) (1024K)]
  0x000002811870bf10 WatcherThread "VM Periodic Task Thread"        [id=16412, stack(0x000000cf26f00000,0x000000cf27000000) (1024K)]
  0x00000281059932a0 WorkerThread "GC Thread#0"                     [id=10460, stack(0x000000cf26a00000,0x000000cf26b00000) (1024K)]
  0x000002815e9726e0 WorkerThread "GC Thread#1"                     [id=14452, stack(0x000000cf28200000,0x000000cf28300000) (1024K)]
  0x000002815e9b0a80 WorkerThread "GC Thread#2"                     [id=8736, stack(0x000000cf28300000,0x000000cf28400000) (1024K)]
  0x000002815e9b0e30 WorkerThread "GC Thread#3"                     [id=1456, stack(0x000000cf28400000,0x000000cf28500000) (1024K)]
  0x000002815e9b51f0 WorkerThread "GC Thread#4"                     [id=16408, stack(0x000000cf28500000,0x000000cf28600000) (1024K)]
  0x000002815e9b55a0 WorkerThread "GC Thread#5"                     [id=17076, stack(0x000000cf28600000,0x000000cf28700000) (1024K)]
  0x000002815e9cd1f0 WorkerThread "GC Thread#6"                     [id=8708, stack(0x000000cf28700000,0x000000cf28800000) (1024K)]
  0x000002815e992c20 WorkerThread "GC Thread#7"                     [id=9196, stack(0x000000cf28800000,0x000000cf28900000) (1024K)]
  0x00000281059a7c10 ConcurrentGCThread "G1 Main Marker"            [id=9156, stack(0x000000cf26b00000,0x000000cf26c00000) (1024K)]
  0x00000281059a9640 WorkerThread "G1 Conc#0"                       [id=11336, stack(0x000000cf26c00000,0x000000cf26d00000) (1024K)]
  0x000002815f86b910 WorkerThread "G1 Conc#1"                       [id=16824, stack(0x000000cf28c00000,0x000000cf28d00000) (1024K)]
  0x00000281059ee6b0 ConcurrentGCThread "G1 Refine#0"               [id=13448, stack(0x000000cf26d00000,0x000000cf26e00000) (1024K)]
  0x00000281185e2260 ConcurrentGCThread "G1 Service"                [id=12548, stack(0x000000cf26e00000,0x000000cf26f00000) (1024K)]
Total: 15

Threads with active compile tasks:
C1 CompilerThread1  6786 8436       1       org.apache.tomcat.util.buf.CharChunk::startsWithIgnoreCase (83 bytes)
Total: 1

VM state: not at safepoint (normal execution)

VM Mutex/Monitor currently owned by a thread: None

Heap address: 0x0000000704c00000, size: 4020 MB, Compressed Oops mode: Zero based, Oop shift amount: 3

CDS archive(s) mapped at: [0x0000028119000000-0x0000028119d70000-0x0000028119d70000), size 14090240, SharedBaseAddress: 0x0000028119000000, ArchiveRelocationMode: 1.
Compressed class space mapped at: 0x000002811a000000-0x000002815a000000, reserved size: 1073741824
Narrow klass base: 0x0000028119000000, Narrow klass shift: 0, Narrow klass range: 0x41000000

GC Precious Log:
 CardTable entry size: 512
 Card Set container configuration: InlinePtr #cards 4 size 8 Array Of Cards #cards 16 size 48 Howl #buckets 8 coarsen threshold 3686 Howl Bitmap #cards 512 size 80 coarsen threshold 460 Card regions per heap region 1 cards per card region 4096
 CPUs: 8 total, 8 available
 Memory: 16073M
 Large Page Support: Disabled
 NUMA Support: Disabled
 Compressed Oops: Enabled (Zero based)
 Heap Region Size: 2M
 Heap Min Capacity: 8M
 Heap Initial Capacity: 252M
 Heap Max Capacity: 4020M
 Pre-touch: Disabled
 Parallel Workers: 8
 Concurrent Workers: 2
 Concurrent Refinement Workers: 8
 Periodic GC: Disabled

Heap:
 garbage-first heap   total reserved 4116480K, committed 81920K, used 30937K [0x0000000704c00000, 0x0000000800000000)
  region size 2048K, 5 young (10240K), 1 survivors (2048K)
 Metaspace       used 43311K, committed 44032K, reserved 1114112K
  class space    used 6286K, committed 6592K, reserved 1048576K

Heap Regions: E=young(eden), S=young(survivor), O=old, HS=humongous(starts), HC=humongous(continues), CS=collection set, F=free, TAMS=top-at-mark-start, PB=parsable bottom
|   0|0x0000000704c00000, 0x0000000704e00000, 0x0000000704e00000|100%| O|  |TAMS 0x0000000704c00000| PB 0x0000000704c00000| Untracked |  0
|   1|0x0000000704e00000, 0x0000000705000000, 0x0000000705000000|100%| O|  |TAMS 0x0000000704e00000| PB 0x0000000704e00000| Untracked |  0
|   2|0x0000000705000000, 0x0000000705200000, 0x0000000705200000|100%| O|  |TAMS 0x0000000705000000| PB 0x0000000705000000| Untracked |  0
|   3|0x0000000705200000, 0x0000000705200000, 0x0000000705400000|  0%| F|  |TAMS 0x0000000705200000| PB 0x0000000705200000| Untracked |  0
|   4|0x0000000705400000, 0x0000000705600000, 0x0000000705600000|100%| O|  |TAMS 0x0000000705400000| PB 0x0000000705400000| Untracked |  0
|   5|0x0000000705600000, 0x0000000705800000, 0x0000000705800000|100%| O|  |TAMS 0x0000000705600000| PB 0x0000000705600000| Untracked |  0
|   6|0x0000000705800000, 0x0000000705a00000, 0x0000000705a00000|100%| O|  |TAMS 0x0000000705800000| PB 0x0000000705800000| Untracked |  0
|   7|0x0000000705a00000, 0x0000000705c00000, 0x0000000705c00000|100%| O|  |TAMS 0x0000000705a00000| PB 0x0000000705a00000| Untracked |  0
|   8|0x0000000705c00000, 0x0000000705e00000, 0x0000000705e00000|100%| O|  |TAMS 0x0000000705c00000| PB 0x0000000705c00000| Untracked |  0
|   9|0x0000000705e00000, 0x0000000706000000, 0x0000000706000000|100%| O|  |TAMS 0x0000000705e00000| PB 0x0000000705e00000| Untracked |  0
|  10|0x0000000706000000, 0x000000070611f448, 0x0000000706200000| 56%| O|  |TAMS 0x0000000706000000| PB 0x0000000706000000| Untracked |  0
|  11|0x0000000706200000, 0x0000000706400000, 0x0000000706400000|100%| O|  |TAMS 0x0000000706200000| PB 0x0000000706200000| Untracked |  0
|  12|0x0000000706400000, 0x0000000706600000, 0x0000000706600000|100%| O|  |TAMS 0x0000000706400000| PB 0x0000000706400000| Untracked |  0
|  13|0x0000000706600000, 0x0000000706600000, 0x0000000706800000|  0%| F|  |TAMS 0x0000000706600000| PB 0x0000000706600000| Untracked |  0
|  14|0x0000000706800000, 0x0000000706800000, 0x0000000706a00000|  0%| F|  |TAMS 0x0000000706800000| PB 0x0000000706800000| Untracked |  0
|  15|0x0000000706a00000, 0x0000000706a00000, 0x0000000706c00000|  0%| F|  |TAMS 0x0000000706a00000| PB 0x0000000706a00000| Untracked |  0
|  16|0x0000000706c00000, 0x0000000706c85400, 0x0000000706e00000| 26%| O|  |TAMS 0x0000000706c00000| PB 0x0000000706c00000| Untracked |  0
|  17|0x0000000706e00000, 0x0000000706e91d40, 0x0000000707000000| 28%| S|CS|TAMS 0x0000000706e00000| PB 0x0000000706e00000| Complete |  0
|  18|0x0000000707000000, 0x0000000707000000, 0x0000000707200000|  0%| F|  |TAMS 0x0000000707000000| PB 0x0000000707000000| Untracked |  0
|  19|0x0000000707200000, 0x0000000707200000, 0x0000000707400000|  0%| F|  |TAMS 0x0000000707200000| PB 0x0000000707200000| Untracked |  0
|  20|0x0000000707400000, 0x0000000707400000, 0x0000000707600000|  0%| F|  |TAMS 0x0000000707400000| PB 0x0000000707400000| Untracked |  0
|  21|0x0000000707600000, 0x0000000707600000, 0x0000000707800000|  0%| F|  |TAMS 0x0000000707600000| PB 0x0000000707600000| Untracked |  0
|  22|0x0000000707800000, 0x0000000707800000, 0x0000000707a00000|  0%| F|  |TAMS 0x0000000707800000| PB 0x0000000707800000| Untracked |  0
|  23|0x0000000707a00000, 0x0000000707a00000, 0x0000000707c00000|  0%| F|  |TAMS 0x0000000707a00000| PB 0x0000000707a00000| Untracked |  0
|  24|0x0000000707c00000, 0x0000000707c00000, 0x0000000707e00000|  0%| F|  |TAMS 0x0000000707c00000| PB 0x0000000707c00000| Untracked |  0
|  25|0x0000000707e00000, 0x0000000707e00000, 0x0000000708000000|  0%| F|  |TAMS 0x0000000707e00000| PB 0x0000000707e00000| Untracked |  0
|  26|0x0000000708000000, 0x0000000708000000, 0x0000000708200000|  0%| F|  |TAMS 0x0000000708000000| PB 0x0000000708000000| Untracked |  0
|  27|0x0000000708200000, 0x0000000708200000, 0x0000000708400000|  0%| F|  |TAMS 0x0000000708200000| PB 0x0000000708200000| Untracked |  0
|  28|0x0000000708400000, 0x0000000708400000, 0x0000000708600000|  0%| F|  |TAMS 0x0000000708400000| PB 0x0000000708400000| Untracked |  0
|  29|0x0000000708600000, 0x0000000708600000, 0x0000000708800000|  0%| F|  |TAMS 0x0000000708600000| PB 0x0000000708600000| Untracked |  0
|  30|0x0000000708800000, 0x0000000708800000, 0x0000000708a00000|  0%| F|  |TAMS 0x0000000708800000| PB 0x0000000708800000| Untracked |  0
|  31|0x0000000708a00000, 0x0000000708a00000, 0x0000000708c00000|  0%| F|  |TAMS 0x0000000708a00000| PB 0x0000000708a00000| Untracked |  0
|  32|0x0000000708c00000, 0x0000000708c00000, 0x0000000708e00000|  0%| F|  |TAMS 0x0000000708c00000| PB 0x0000000708c00000| Untracked |  0
|  33|0x0000000708e00000, 0x0000000708e00000, 0x0000000709000000|  0%| F|  |TAMS 0x0000000708e00000| PB 0x0000000708e00000| Untracked |  0
|  34|0x0000000709000000, 0x0000000709000000, 0x0000000709200000|  0%| F|  |TAMS 0x0000000709000000| PB 0x0000000709000000| Untracked |  0
|  35|0x0000000709200000, 0x0000000709200000, 0x0000000709400000|  0%| F|  |TAMS 0x0000000709200000| PB 0x0000000709200000| Untracked |  0
|  36|0x0000000709400000, 0x0000000709423bd0, 0x0000000709600000|  6%| E|  |TAMS 0x0000000709400000| PB 0x0000000709400000| Complete |  0
|  37|0x0000000709600000, 0x0000000709800000, 0x0000000709800000|100%| E|CS|TAMS 0x0000000709600000| PB 0x0000000709600000| Complete |  0
| 100|0x0000000711400000, 0x0000000711600000, 0x0000000711600000|100%| E|CS|TAMS 0x0000000711400000| PB 0x0000000711400000| Complete |  0
| 125|0x0000000714600000, 0x0000000714800000, 0x0000000714800000|100%| E|CS|TAMS 0x0000000714600000| PB 0x0000000714600000| Complete |  0

Card table byte_map: [0x0000028111b70000,0x0000028112350000] _byte_map_base: 0x000002810e34a000

Marking Bits: (CMBitMap*) 0x00000281059938c0
 Bits: [0x0000028112350000, 0x0000028116220000)

Polling page: 0x0000028103910000

Metaspace:

Usage:
  Non-class:     36.16 MB used.
      Class:      6.14 MB used.
       Both:     42.30 MB used.

Virtual space:
  Non-class space:       64.00 MB reserved,      36.56 MB ( 57%) committed,  1 nodes.
      Class space:        1.00 GB reserved,       6.44 MB ( <1%) committed,  1 nodes.
             Both:        1.06 GB reserved,      43.00 MB (  4%) committed. 

Chunk freelists:
   Non-Class:  11.01 MB
       Class:  9.54 MB
        Both:  20.56 MB

MaxMetaspaceSize: unlimited
CompressedClassSpaceSize: 1.00 GB
Initial GC threshold: 21.00 MB
Current GC threshold: 58.88 MB
CDS: on
 - commit_granule_bytes: 65536.
 - commit_granule_words: 8192.
 - virtual_space_node_default_size: 8388608.
 - enlarge_chunks_in_place: 1.
 - use_allocation_guard: 0.


Internal statistics:

num_allocs_failed_limit: 6.
num_arena_births: 928.
num_arena_deaths: 0.
num_vsnodes_births: 2.
num_vsnodes_deaths: 0.
num_space_committed: 688.
num_space_uncommitted: 0.
num_chunks_returned_to_freelist: 6.
num_chunks_taken_from_freelist: 2524.
num_chunk_merges: 6.
num_chunk_splits: 1716.
num_chunks_enlarged: 1220.
num_inconsistent_stats: 0.

CodeCache: size=49152Kb used=13661Kb max_used=13661Kb free=35490Kb
 bounds [0x000002810e060000, 0x000002810edc0000, 0x0000028111060000]
 total_blobs=9058, nmethods=8432, adapters=547, full_count=0
Compilation: enabled, stopped_count=0, restarted_count=0

Compilation events (20 events):
Event: 5.498 Thread 0x00000281187442c0 nmethod 8376 0x000002810ed90888 code [0x000002810ed90d40, 0x000002810ed934d0]
Event: 5.501 Thread 0x000002815e0de020 nmethod 8373 0x000002810ed93608 code [0x000002810ed93bc0, 0x000002810ed97670]
Event: 5.640 Thread 0x000002815e0de020 8422       1       org.springframework.boot.devtools.filewatch.FileSnapshot::hashCode (49 bytes)
Event: 5.640 Thread 0x000002815e0de020 nmethod 8422 0x000002810ed97a88 code [0x000002810ed97bc0, 0x000002810ed97d60]
Event: 5.842 Thread 0x00000281187442c0 8424       1       java.io.ObjectOutputStream::writeLong (9 bytes)
Event: 5.842 Thread 0x000002815e0de6f0 8425       1       java.io.ObjectOutputStream$BlockDataOutputStream::writeLong (48 bytes)
Event: 5.842 Thread 0x00000281187442c0 nmethod 8424 0x000002810ed98188 code [0x000002810ed982a0, 0x000002810ed98390]
Event: 5.843 Thread 0x000002815e0de6f0 nmethod 8425 0x000002810ed98488 code [0x000002810ed985e0, 0x000002810ed988b8]
Event: 5.843 Thread 0x00000281187442c0 8426       1       java.io.ObjectOutputStream::writeShort (9 bytes)
Event: 5.843 Thread 0x00000281187442c0 nmethod 8426 0x000002810ed98988 code [0x000002810ed98aa0, 0x000002810ed98b90]
Event: 6.764 Thread 0x000002815e0dcbb0 8428       1       org.apache.tomcat.util.buf.CharChunk::allocate (49 bytes)
Event: 6.764 Thread 0x00000281187442c0 8427   !   1       org.apache.catalina.connector.CoyoteAdapter::convertURI (115 bytes)
Event: 6.764 Thread 0x000002815e0de6f0 8429       1       org.apache.tomcat.util.buf.B2CConverter::convert (452 bytes)
Event: 6.764 Thread 0x000002815e0de020 8430       1       java.nio.charset.CoderResult::isMalformed (14 bytes)
Event: 6.765 Thread 0x000002815e0de020 nmethod 8430 0x000002810ed98c88 code [0x000002810ed98da0, 0x000002810ed98e78]
Event: 6.765 Thread 0x000002815e0de020 8436       1       org.apache.tomcat.util.buf.CharChunk::startsWithIgnoreCase (83 bytes)
Event: 6.765 Thread 0x000002815e0dcbb0 nmethod 8428 0x000002810ed98f88 code [0x000002810ed990a0, 0x000002810ed99290]
Event: 6.765 Thread 0x000002815e0dcbb0 8463   !   1       org.apache.catalina.connector.Request::parseLocalesHeader (86 bytes)
Event: 6.765 Thread 0x00000281187442c0 nmethod 8427 0x000002810ed99308 code [0x000002810ed99480, 0x000002810ed998d8]
Event: 6.765 Thread 0x00000281187442c0 8431   !   1       org.apache.catalina.mapper.Mapper::internalMap (484 bytes)

GC Heap History (20 events):
Event: 1.350 GC heap before
{Heap before GC invocations=2 (full 0):
 garbage-first heap   total reserved 4116480K, committed 258048K, used 51174K [0x0000000704c00000, 0x0000000800000000)
  region size 2048K, 24 young (49152K), 1 survivors (2048K)
 Metaspace       used 21138K, committed 21504K, reserved 1114112K
  class space    used 2855K, committed 3008K, reserved 1048576K
}
Event: 1.354 GC heap after
{Heap after GC invocations=3 (full 0):
 garbage-first heap   total reserved 4116480K, committed 258048K, used 11530K [0x0000000704c00000, 0x0000000800000000)
  region size 2048K, 3 young (6144K), 3 survivors (6144K)
 Metaspace       used 21138K, committed 21504K, reserved 1114112K
  class space    used 2855K, committed 3008K, reserved 1048576K
}
Event: 1.593 GC heap before
{Heap before GC invocations=4 (full 0):
 garbage-first heap   total reserved 4116480K, committed 49152K, used 34058K [0x0000000704c00000, 0x0000000800000000)
  region size 2048K, 14 young (28672K), 3 survivors (6144K)
 Metaspace       used 22719K, committed 23104K, reserved 1114112K
  class space    used 3115K, committed 3264K, reserved 1048576K
}
Event: 1.597 GC heap after
{Heap after GC invocations=5 (full 0):
 garbage-first heap   total reserved 4116480K, committed 49152K, used 13366K [0x0000000704c00000, 0x0000000800000000)
  region size 2048K, 2 young (4096K), 2 survivors (4096K)
 Metaspace       used 22719K, committed 23104K, reserved 1114112K
  class space    used 3115K, committed 3264K, reserved 1048576K
}
Event: 1.829 GC heap before
{Heap before GC invocations=5 (full 0):
 garbage-first heap   total reserved 4116480K, committed 49152K, used 31798K [0x0000000704c00000, 0x0000000800000000)
  region size 2048K, 11 young (22528K), 2 survivors (4096K)
 Metaspace       used 25063K, committed 25536K, reserved 1114112K
  class space    used 3456K, committed 3648K, reserved 1048576K
}
Event: 1.831 GC heap after
{Heap after GC invocations=6 (full 0):
 garbage-first heap   total reserved 4116480K, committed 49152K, used 14424K [0x0000000704c00000, 0x0000000800000000)
  region size 2048K, 2 young (4096K), 2 survivors (4096K)
 Metaspace       used 25063K, committed 25536K, reserved 1114112K
  class space    used 3456K, committed 3648K, reserved 1048576K
}
Event: 2.113 GC heap before
{Heap before GC invocations=6 (full 0):
 garbage-first heap   total reserved 4116480K, committed 49152K, used 34904K [0x0000000704c00000, 0x0000000800000000)
  region size 2048K, 12 young (24576K), 2 survivors (4096K)
 Metaspace       used 28715K, committed 29248K, reserved 1114112K
  class space    used 4000K, committed 4224K, reserved 1048576K
}
Event: 2.116 GC heap after
{Heap after GC invocations=7 (full 0):
 garbage-first heap   total reserved 4116480K, committed 49152K, used 16511K [0x0000000704c00000, 0x0000000800000000)
  region size 2048K, 2 young (4096K), 2 survivors (4096K)
 Metaspace       used 28715K, committed 29248K, reserved 1114112K
  class space    used 4000K, committed 4224K, reserved 1048576K
}
Event: 2.331 GC heap before
{Heap before GC invocations=7 (full 0):
 garbage-first heap   total reserved 4116480K, committed 49152K, used 34943K [0x0000000704c00000, 0x0000000800000000)
  region size 2048K, 11 young (22528K), 2 survivors (4096K)
 Metaspace       used 31809K, committed 32384K, reserved 1114112K
  class space    used 4443K, committed 4672K, reserved 1048576K
}
Event: 2.334 GC heap after
{Heap after GC invocations=8 (full 0):
 garbage-first heap   total reserved 4116480K, committed 49152K, used 17841K [0x0000000704c00000, 0x0000000800000000)
  region size 2048K, 1 young (2048K), 1 survivors (2048K)
 Metaspace       used 31809K, committed 32384K, reserved 1114112K
  class space    used 4443K, committed 4672K, reserved 1048576K
}
Event: 2.555 GC heap before
{Heap before GC invocations=8 (full 0):
 garbage-first heap   total reserved 4116480K, committed 49152K, used 38321K [0x0000000704c00000, 0x0000000800000000)
  region size 2048K, 11 young (22528K), 1 survivors (2048K)
 Metaspace       used 34991K, committed 35584K, reserved 1114112K
  class space    used 4982K, committed 5248K, reserved 1048576K
}
Event: 2.558 GC heap after
{Heap after GC invocations=9 (full 0):
 garbage-first heap   total reserved 4116480K, committed 49152K, used 20048K [0x0000000704c00000, 0x0000000800000000)
  region size 2048K, 2 young (4096K), 2 survivors (4096K)
 Metaspace       used 34991K, committed 35584K, reserved 1114112K
  class space    used 4982K, committed 5248K, reserved 1048576K
}
Event: 2.590 GC heap before
{Heap before GC invocations=9 (full 0):
 garbage-first heap   total reserved 4116480K, committed 49152K, used 22096K [0x0000000704c00000, 0x0000000800000000)
  region size 2048K, 4 young (8192K), 2 survivors (4096K)
 Metaspace       used 35403K, committed 35968K, reserved 1114112K
  class space    used 5059K, committed 5312K, reserved 1048576K
}
Event: 2.593 GC heap after
{Heap after GC invocations=10 (full 0):
 garbage-first heap   total reserved 4116480K, committed 153600K, used 20627K [0x0000000704c00000, 0x0000000800000000)
  region size 2048K, 1 young (2048K), 1 survivors (2048K)
 Metaspace       used 35403K, committed 35968K, reserved 1114112K
  class space    used 5059K, committed 5312K, reserved 1048576K
}
Event: 3.262 GC heap before
{Heap before GC invocations=11 (full 0):
 garbage-first heap   total reserved 4116480K, committed 81920K, used 67731K [0x0000000704c00000, 0x0000000800000000)
  region size 2048K, 24 young (49152K), 1 survivors (2048K)
 Metaspace       used 41715K, committed 42432K, reserved 1114112K
  class space    used 6036K, committed 6336K, reserved 1048576K
}
Event: 3.265 GC heap after
{Heap after GC invocations=12 (full 0):
 garbage-first heap   total reserved 4116480K, committed 81920K, used 24595K [0x0000000704c00000, 0x0000000800000000)
  region size 2048K, 3 young (6144K), 3 survivors (6144K)
 Metaspace       used 41715K, committed 42432K, reserved 1114112K
  class space    used 6036K, committed 6336K, reserved 1048576K
}
Event: 4.659 GC heap before
{Heap before GC invocations=12 (full 0):
 garbage-first heap   total reserved 4116480K, committed 81920K, used 65555K [0x0000000704c00000, 0x0000000800000000)
  region size 2048K, 23 young (47104K), 3 survivors (6144K)
 Metaspace       used 43308K, committed 44032K, reserved 1114112K
  class space    used 6283K, committed 6592K, reserved 1048576K
}
Event: 4.662 GC heap after
{Heap after GC invocations=13 (full 0):
 garbage-first heap   total reserved 4116480K, committed 81920K, used 25054K [0x0000000704c00000, 0x0000000800000000)
  region size 2048K, 1 young (2048K), 1 survivors (2048K)
 Metaspace       used 43308K, committed 44032K, reserved 1114112K
  class space    used 6283K, committed 6592K, reserved 1048576K
}
Event: 6.422 GC heap before
{Heap before GC invocations=13 (full 0):
 garbage-first heap   total reserved 4116480K, committed 81920K, used 68062K [0x0000000704c00000, 0x0000000800000000)
  region size 2048K, 22 young (45056K), 1 survivors (2048K)
 Metaspace       used 43311K, committed 44032K, reserved 1114112K
  class space    used 6286K, committed 6592K, reserved 1048576K
}
Event: 6.423 GC heap after
{Heap after GC invocations=14 (full 0):
 garbage-first heap   total reserved 4116480K, committed 81920K, used 24793K [0x0000000704c00000, 0x0000000800000000)
  region size 2048K, 1 young (2048K), 1 survivors (2048K)
 Metaspace       used 43311K, committed 44032K, reserved 1114112K
  class space    used 6286K, committed 6592K, reserved 1048576K
}

Dll operation events (12 events):
Event: 0.008 Loaded shared library C:\Users\ASUS\.jdks\openjdk-23.0.1\bin\java.dll
Event: 0.113 Loaded shared library C:\Users\ASUS\.jdks\openjdk-23.0.1\bin\zip.dll
Event: 0.117 Loaded shared library C:\Users\ASUS\.jdks\openjdk-23.0.1\bin\instrument.dll
Event: 0.122 Loaded shared library C:\Users\ASUS\.jdks\openjdk-23.0.1\bin\net.dll
Event: 0.123 Loaded shared library C:\Users\ASUS\.jdks\openjdk-23.0.1\bin\nio.dll
Event: 0.127 Loaded shared library C:\Users\ASUS\.jdks\openjdk-23.0.1\bin\zip.dll
Event: 0.182 Loaded shared library C:\Users\ASUS\.jdks\openjdk-23.0.1\bin\jimage.dll
Event: 0.184 Loaded shared library E:\IntelliJ\bin\breakgen64.dll
Event: 0.193 Loaded shared library C:\Users\ASUS\.jdks\openjdk-23.0.1\bin\extnet.dll
Event: 0.205 Loaded shared library C:\Users\ASUS\.jdks\openjdk-23.0.1\bin\management.dll
Event: 0.214 Loaded shared library C:\Users\ASUS\.jdks\openjdk-23.0.1\bin\management_ext.dll
Event: 1.264 Loaded shared library C:\Users\ASUS\.jdks\openjdk-23.0.1\bin\sunmscapi.dll

Deoptimization events (8 events):
Event: 1.890 Thread 0x000002815ef73240 DEOPT PACKING pc=0x000002810e79d8cc sp=0x000000cf28afd1e0
Event: 1.890 Thread 0x000002815ef73240 DEOPT UNPACKING pc=0x000002810e0b84c2 sp=0x000000cf28afc698 mode 0
Event: 2.334 Thread 0x000002815e0d5d20 DEOPT PACKING pc=0x000002810e5c4814 sp=0x000000cf278ff140
Event: 2.334 Thread 0x000002815e0d5d20 DEOPT UNPACKING pc=0x000002810e0b84c2 sp=0x000000cf278fe688 mode 0
Event: 2.429 Thread 0x000002815ef73240 DEOPT PACKING pc=0x000002810e90d4c4 sp=0x000000cf28afb2b0
Event: 2.429 Thread 0x000002815ef73240 DEOPT UNPACKING pc=0x000002810e0b84c2 sp=0x000000cf28afa808 mode 0
Event: 2.653 Thread 0x000002815e771000 DEOPT PACKING pc=0x000002810e677934 sp=0x000000cf27ffef70
Event: 2.653 Thread 0x000002815e771000 DEOPT UNPACKING pc=0x000002810e0b84c2 sp=0x000000cf27ffe4b0 mode 0

Classes loaded (20 events):
Event: 3.247 Loading class java/time/format/DateTimeFormatterBuilder$ZoneTextPrinterParser
Event: 3.247 Loading class java/time/format/DateTimeFormatterBuilder$ZoneTextPrinterParser done
Event: 3.247 Loading class java/time/format/DateTimeFormatterBuilder$ReducedPrinterParser
Event: 3.247 Loading class java/time/format/DateTimeFormatterBuilder$ReducedPrinterParser done
Event: 3.301 Loading class java/util/stream/Streams$RangeIntSpliterator
Event: 3.301 Loading class java/util/stream/Streams$RangeIntSpliterator done
Event: 3.301 Loading class java/util/stream/IntPipeline$1
Event: 3.301 Loading class java/util/stream/IntPipeline$1 done
Event: 3.302 Loading class java/util/stream/IntPipeline$1$1
Event: 3.302 Loading class java/util/stream/IntPipeline$1$1 done
Event: 3.309 Loading class java/util/TreeMap$KeySpliterator
Event: 3.309 Loading class java/util/TreeMap$KeySpliterator done
Event: 3.311 Loading class java/util/AbstractMap$SimpleEntry
Event: 3.311 Loading class java/util/AbstractMap$SimpleEntry done
Event: 3.351 Loading class java/util/OptionalInt
Event: 3.351 Loading class java/util/OptionalInt done
Event: 3.351 Loading class java/util/OptionalLong
Event: 3.351 Loading class java/util/OptionalLong done
Event: 3.351 Loading class java/util/OptionalDouble
Event: 3.351 Loading class java/util/OptionalDouble done

Classes unloaded (0 events):
No events

Classes redefined (0 events):
No events

Internal exceptions (20 events):
Event: 2.391 Thread 0x000002815ef73240 Exception <a 'java/lang/NoSuchMethodError'{0x0000000711543a48}: 'java.lang.Object java.lang.invoke.DirectMethodHandle$Holder.newInvokeSpecial(java.lang.Object, java.lang.Object, java.lang.Object, int, int)'> (0x0000000711543a48) 
thrown [s\open\src\hotspot\share\interpreter\linkResolver.cpp, line 796]
Event: 2.406 Thread 0x000002815ef73240 Exception <a 'java/lang/IncompatibleClassChangeError'{0x000000071127d750}: Found class java.lang.Object, but interface was expected> (0x000000071127d750) 
thrown [s\open\src\hotspot\share\interpreter\linkResolver.cpp, line 863]
Event: 2.431 Thread 0x000002815ef73240 Exception <a 'java/lang/IncompatibleClassChangeError'{0x0000000707280570}: Found class java.lang.Object, but interface was expected> (0x0000000707280570) 
thrown [s\open\src\hotspot\share\interpreter\linkResolver.cpp, line 863]
Event: 2.528 Thread 0x000002815ef73240 Exception <a 'java/lang/NoSuchMethodError'{0x0000000706b611d8}: 'long java.lang.invoke.DirectMethodHandle$Holder.invokeVirtual(java.lang.Object, java.lang.Object, java.lang.Object, java.lang.Object, java.lang.Object, java.lang.Object)'> (0x0000000706b611d8) 
thrown [s\open\src\hotspot\share\interpreter\linkResolver.cpp, line 796]
Event: 2.574 Thread 0x000002815ef73240 Exception <a 'java/lang/IncompatibleClassChangeError'{0x0000000714772ea0}: Found class java.lang.Object, but interface was expected> (0x0000000714772ea0) 
thrown [s\open\src\hotspot\share\interpreter\linkResolver.cpp, line 863]
Event: 2.579 Thread 0x000002815ef73240 Exception <a 'java/lang/NoSuchMethodError'{0x00000007147ecc38}: 'java.lang.Object java.lang.invoke.DirectMethodHandle$Holder.newInvokeSpecial(java.lang.Object, java.lang.Object, java.lang.Object, java.lang.Object, java.lang.Object, java.lang.Object)'> (0x00000007147ecc38) 
thrown [s\open\src\hotspot\share\interpreter\linkResolver.cpp, line 796]
Event: 2.646 Thread 0x000002815ef73240 Exception <a 'java/lang/NoSuchMethodError'{0x0000000709783a20}: 'java.lang.Object java.lang.invoke.DirectMethodHandle$Holder.invokeStatic(java.lang.Object, java.lang.Object, int, java.lang.Object)'> (0x0000000709783a20) 
thrown [s\open\src\hotspot\share\interpreter\linkResolver.cpp, line 796]
Event: 2.646 Thread 0x000002815ef73240 Exception <a 'java/lang/NoSuchMethodError'{0x000000070978a0d8}: 'java.lang.Object java.lang.invoke.DirectMethodHandle$Holder.newInvokeSpecial(java.lang.Object, java.lang.Object, int)'> (0x000000070978a0d8) 
thrown [s\open\src\hotspot\share\interpreter\linkResolver.cpp, line 796]
Event: 2.714 Thread 0x000002815ef73240 Exception <a 'java/lang/NoSuchMethodError'{0x0000000708f943f0}: 'java.lang.Object java.lang.invoke.DirectMethodHandle$Holder.newInvokeSpecial(java.lang.Object, java.lang.Object, java.lang.Object, java.lang.Object, java.lang.Object, java.lang.Object, java.lang.Object, java.lang.Object)'> (0x0000000708f943f0) 
thrown [s\open\src\hotspot\share\interpreter\linkResolver.cpp, line 796]
Event: 2.866 Thread 0x000002815ef73240 Exception <a 'java/lang/IncompatibleClassChangeError'{0x0000000708141c48}: Found class java.lang.Object, but interface was expected> (0x0000000708141c48) 
thrown [s\open\src\hotspot\share\interpreter\linkResolver.cpp, line 863]
Event: 2.928 Thread 0x000002815ef73240 Exception <a 'java/lang/NoSuchMethodError'{0x0000000707d77aa8}: 'void java.lang.invoke.DirectMethodHandle$Holder.invokeVirtual(java.lang.Object, java.lang.Object, long)'> (0x0000000707d77aa8) 
thrown [s\open\src\hotspot\share\interpreter\linkResolver.cpp, line 796]
Event: 2.934 Thread 0x000002815ef73240 Exception <a 'java/lang/NoSuchMethodError'{0x0000000707a3b868}: 'java.lang.Object java.lang.invoke.DirectMethodHandle$Holder.invokeSpecial(java.lang.Object, java.lang.Object, int, int, int, int)'> (0x0000000707a3b868) 
thrown [s\open\src\hotspot\share\interpreter\linkResolver.cpp, line 796]
Event: 2.966 Thread 0x000002815ef73240 Exception <a 'java/lang/NoSuchMethodError'{0x00000007078c37d8}: 'int java.lang.invoke.DirectMethodHandle$Holder.invokeStaticInit(java.lang.Object, java.lang.Object, java.lang.Object, java.lang.Object)'> (0x00000007078c37d8) 
thrown [s\open\src\hotspot\share\interpreter\linkResolver.cpp, line 796]
Event: 3.031 Thread 0x000002815ef73240 Exception <a 'java/lang/NoSuchMethodError'{0x0000000707515ef0}: 'java.lang.Object java.lang.invoke.DirectMethodHandle$Holder.newInvokeSpecial(java.lang.Object, java.lang.Object, int, java.lang.Object, java.lang.Object)'> (0x0000000707515ef0) 
thrown [s\open\src\hotspot\share\interpreter\linkResolver.cpp, line 796]
Event: 3.165 Thread 0x000002815e771000 Exception <a 'java/lang/NoSuchMethodError'{0x0000000707074870}: 'java.lang.Object java.lang.invoke.DirectMethodHandle$Holder.invokeInterface(java.lang.Object, java.lang.Object, java.lang.Object, java.lang.Object, java.lang.Object, java.lang.Object, java.lang.Object)'> (0x0000000707074870) 
thrown [s\open\src\hotspot\share\interpreter\linkResolver.cpp, line 796]
Event: 3.208 Thread 0x0000028160273390 Exception <a 'java/lang/NoSuchMethodError'{0x0000000706e3cb18}: 'java.lang.Object java.lang.invoke.DirectMethodHandle$Holder.invokeSpecial(java.lang.Object, java.lang.Object, java.lang.Object, java.lang.Object, java.lang.Object, long)'> (0x0000000706e3cb18) 
thrown [s\open\src\hotspot\share\interpreter\linkResolver.cpp, line 796]
Event: 3.208 Thread 0x0000028160273390 Exception <a 'java/lang/NoSuchMethodError'{0x0000000706e40300}: 'java.lang.Object java.lang.invoke.Invokers$Holder.linkToTargetMethod(java.lang.Object, java.lang.Object, java.lang.Object, long, java.lang.Object)'> (0x0000000706e40300) 
thrown [s\open\src\hotspot\share\interpreter\linkResolver.cpp, line 796]
Event: 3.278 Thread 0x0000028160273390 Exception <a 'java/lang/NoSuchMethodError'{0x000000071475d968}: 'java.lang.Object java.lang.invoke.DirectMethodHandle$Holder.invokeInterface(java.lang.Object, java.lang.Object, java.lang.Object, java.lang.Object)'> (0x000000071475d968) 
thrown [s\open\src\hotspot\share\interpreter\linkResolver.cpp, line 796]
Event: 3.286 Thread 0x0000028160273390 Exception <a 'java/lang/NoSuchMethodError'{0x000000071142dc80}: 'java.lang.Object java.lang.invoke.DirectMethodHandle$Holder.invokeVirtual(java.lang.Object, java.lang.Object, int)'> (0x000000071142dc80) 
thrown [s\open\src\hotspot\share\interpreter\linkResolver.cpp, line 796]
Event: 3.302 Thread 0x0000028160273390 Exception <a 'java/lang/NoSuchMethodError'{0x0000000711574b80}: 'java.lang.Object java.lang.invoke.DirectMethodHandle$Holder.invokeInterface(java.lang.Object, java.lang.Object, int)'> (0x0000000711574b80) 
thrown [s\open\src\hotspot\share\interpreter\linkResolver.cpp, line 796]

VM Operations (20 events):
Event: 2.822 Executing VM operation: HandshakeAllThreads (Deoptimize)
Event: 2.822 Executing VM operation: HandshakeAllThreads (Deoptimize) done
Event: 2.939 Executing VM operation: HandshakeAllThreads (Deoptimize)
Event: 2.939 Executing VM operation: HandshakeAllThreads (Deoptimize) done
Event: 3.030 Executing VM operation: HandshakeAllThreads (Deoptimize)
Event: 3.030 Executing VM operation: HandshakeAllThreads (Deoptimize) done
Event: 3.216 Executing VM operation: HandshakeAllThreads (Deoptimize)
Event: 3.216 Executing VM operation: HandshakeAllThreads (Deoptimize) done
Event: 3.262 Executing VM operation: G1CollectForAllocation (G1 Evacuation Pause)
Event: 3.265 Executing VM operation: G1CollectForAllocation (G1 Evacuation Pause) done
Event: 3.271 Executing VM operation: HandshakeAllThreads (Deoptimize)
Event: 3.271 Executing VM operation: HandshakeAllThreads (Deoptimize) done
Event: 3.278 Executing VM operation: HandshakeAllThreads (Deoptimize)
Event: 3.278 Executing VM operation: HandshakeAllThreads (Deoptimize) done
Event: 3.348 Executing VM operation: HandshakeAllThreads (Deoptimize)
Event: 3.348 Executing VM operation: HandshakeAllThreads (Deoptimize) done
Event: 4.659 Executing VM operation: G1CollectForAllocation (G1 Evacuation Pause)
Event: 4.662 Executing VM operation: G1CollectForAllocation (G1 Evacuation Pause) done
Event: 6.422 Executing VM operation: G1CollectForAllocation (G1 Evacuation Pause)
Event: 6.423 Executing VM operation: G1CollectForAllocation (G1 Evacuation Pause) done

Memory protections (0 events):
No events

Nmethod flushes (20 events):
Event: 2.610 Thread 0x000002811871bde0 flushing  nmethod 0x000002810e3c2188
Event: 2.610 Thread 0x000002811871bde0 flushing  nmethod 0x000002810e41a588
Event: 2.610 Thread 0x000002811871bde0 flushing  nmethod 0x000002810e41b608
Event: 2.610 Thread 0x000002811871bde0 flushing  nmethod 0x000002810e457e08
Event: 2.610 Thread 0x000002811871bde0 flushing  nmethod 0x000002810e458708
Event: 2.610 Thread 0x000002811871bde0 flushing  nmethod 0x000002810e4c1a88
Event: 2.610 Thread 0x000002811871bde0 flushing  nmethod 0x000002810e4ddd88
Event: 2.610 Thread 0x000002811871bde0 flushing  nmethod 0x000002810e4de508
Event: 2.610 Thread 0x000002811871bde0 flushing  nmethod 0x000002810e4dfb88
Event: 2.610 Thread 0x000002811871bde0 flushing  nmethod 0x000002810e262488
Event: 2.610 Thread 0x000002811871bde0 flushing  nmethod 0x000002810e44dc08
Event: 2.610 Thread 0x000002811871bde0 flushing  nmethod 0x000002810e5b9788
Event: 2.610 Thread 0x000002811871bde0 flushing  nmethod 0x000002810e6f5008
Event: 2.610 Thread 0x000002811871bde0 flushing  nmethod 0x000002810e1acf08
Event: 2.610 Thread 0x000002811871bde0 flushing  nmethod 0x000002810e26e388
Event: 2.610 Thread 0x000002811871bde0 flushing  nmethod 0x000002810e26e808
Event: 2.610 Thread 0x000002811871bde0 flushing  nmethod 0x000002810e3d4b88
Event: 2.611 Thread 0x000002811871bde0 flushing  nmethod 0x000002810e403688
Event: 2.611 Thread 0x000002811871bde0 flushing  nmethod 0x000002810e5f9c88
Event: 2.611 Thread 0x000002811871bde0 flushing  nmethod 0x000002810e659e88

Events (20 events):
Event: 3.035 Thread 0x000002815ef73240 Thread added: 0x0000028160272670
Event: 3.035 Thread 0x000002815ef73240 Thread added: 0x0000028160272d00
Event: 3.035 Thread 0x000002815ef73240 Thread added: 0x000002816026f1f0
Event: 3.035 Thread 0x000002815ef73240 Thread added: 0x00000281602740b0
Event: 3.035 Thread 0x000002815ef73240 Thread added: 0x0000028160274740
Event: 3.035 Thread 0x000002815ef73240 Thread added: 0x00000281602712c0
Event: 3.035 Thread 0x000002815ef73240 Thread added: 0x00000281602705a0
Event: 3.036 Thread 0x000002815ef73240 Thread added: 0x0000028160271fe0
Event: 3.042 Thread 0x000002815ef73240 Thread added: 0x000002816026e4d0
Event: 3.042 Thread 0x000002815ef73240 Thread added: 0x000002816026ff10
Event: 3.053 Thread 0x000002815ef73240 Thread exited: 0x000002815ef73240
Event: 3.054 Thread 0x000002815ef738d0 Thread exited: 0x000002815ef738d0
Event: 3.054 Thread 0x000002810592c3c0 Thread exited: 0x000002810592c3c0
Event: 3.055 Thread 0x0000028160271950 Thread added: 0x0000028160271950
Event: 3.159 Thread 0x000002815e771000 Thread added: 0x000002816026de40
Event: 3.162 Thread 0x000002816026de40 Thread exited: 0x000002816026de40
Event: 3.162 Thread 0x000002815e771000 Thread added: 0x000002816026de40
Event: 3.169 Thread 0x000002816026de40 Thread exited: 0x000002816026de40
Event: 3.170 Thread 0x000002815e771000 Thread added: 0x000002816026de40
Event: 3.175 Thread 0x000002816026de40 Thread exited: 0x000002816026de40


Dynamic libraries:
0x00007ff7abcb0000 - 0x00007ff7abcbe000 	C:\Users\ASUS\.jdks\openjdk-23.0.1\bin\java.exe
0x00007fffb3070000 - 0x00007fffb3268000 	C:\Windows\SYSTEM32\ntdll.dll
0x00007fffb21f0000 - 0x00007fffb22b2000 	C:\Windows\System32\KERNEL32.DLL
0x00007fffb0b40000 - 0x00007fffb0e36000 	C:\Windows\System32\KERNELBASE.dll
0x00007fffb0700000 - 0x00007fffb0800000 	C:\Windows\System32\ucrtbase.dll
0x00007fffa8fa0000 - 0x00007fffa8fbb000 	C:\Users\ASUS\.jdks\openjdk-23.0.1\bin\VCRUNTIME140.dll
0x00007fffa8fc0000 - 0x00007fffa8fd7000 	C:\Users\ASUS\.jdks\openjdk-23.0.1\bin\jli.dll
0x00007fffb1890000 - 0x00007fffb1a2d000 	C:\Windows\System32\USER32.dll
0x00007fff981b0000 - 0x00007fff9844a000 	C:\Windows\WinSxS\amd64_microsoft.windows.common-controls_6595b64144ccf1df_6.0.19041.5915_none_60b4b9d171f9c7c7\COMCTL32.dll
0x00007fffb1060000 - 0x00007fffb1082000 	C:\Windows\System32\win32u.dll
0x00007fffb1f30000 - 0x00007fffb1fce000 	C:\Windows\System32\msvcrt.dll
0x00007fffb2130000 - 0x00007fffb215b000 	C:\Windows\System32\GDI32.dll
0x00007fffb0f40000 - 0x00007fffb1059000 	C:\Windows\System32\gdi32full.dll
0x00007fffb0a70000 - 0x00007fffb0b0d000 	C:\Windows\System32\msvcp_win.dll
0x00007fffb2100000 - 0x00007fffb212f000 	C:\Windows\System32\IMM32.DLL
0x00007fffa95c0000 - 0x00007fffa95cc000 	C:\Users\ASUS\.jdks\openjdk-23.0.1\bin\vcruntime140_1.dll
0x00007fff97e80000 - 0x00007fff97f0e000 	C:\Users\ASUS\.jdks\openjdk-23.0.1\bin\msvcp140.dll
0x00007fff6b250000 - 0x00007fff6bf9f000 	C:\Users\ASUS\.jdks\openjdk-23.0.1\bin\server\jvm.dll
0x00007fffb1ad0000 - 0x00007fffb1b81000 	C:\Windows\System32\ADVAPI32.dll
0x00007fffb1a30000 - 0x00007fffb1acf000 	C:\Windows\System32\sechost.dll
0x00007fffb1fd0000 - 0x00007fffb20f3000 	C:\Windows\System32\RPCRT4.dll
0x00007fffb0b10000 - 0x00007fffb0b37000 	C:\Windows\System32\bcrypt.dll
0x00007fffb2f10000 - 0x00007fffb2f7b000 	C:\Windows\System32\WS2_32.dll
0x00007fffa14f0000 - 0x00007fffa1517000 	C:\Windows\SYSTEM32\WINMM.dll
0x00007fffafc90000 - 0x00007fffafcdb000 	C:\Windows\SYSTEM32\POWRPROF.dll
0x00007fffa5210000 - 0x00007fffa521a000 	C:\Windows\SYSTEM32\VERSION.dll
0x00007fffafb00000 - 0x00007fffafb12000 	C:\Windows\SYSTEM32\UMPDC.dll
0x00007fffaef20000 - 0x00007fffaef32000 	C:\Windows\SYSTEM32\kernel.appcore.dll
0x00007fffa8f90000 - 0x00007fffa8f9a000 	C:\Users\ASUS\.jdks\openjdk-23.0.1\bin\jimage.dll
0x00007fffaec30000 - 0x00007fffaee31000 	C:\Windows\SYSTEM32\DBGHELP.DLL
0x00007fffa4710000 - 0x00007fffa4744000 	C:\Windows\SYSTEM32\dbgcore.DLL
0x00007fffb0800000 - 0x00007fffb0882000 	C:\Windows\System32\bcryptPrimitives.dll
0x00007fffa8f20000 - 0x00007fffa8f2f000 	C:\Users\ASUS\.jdks\openjdk-23.0.1\bin\instrument.dll
0x00007fffa8f70000 - 0x00007fffa8f8e000 	C:\Users\ASUS\.jdks\openjdk-23.0.1\bin\java.dll
0x00007fffb1230000 - 0x00007fffb135b000 	C:\Windows\System32\ole32.dll
0x00007fffb1360000 - 0x00007fffb16b3000 	C:\Windows\System32\combase.dll
0x00007fffb22c0000 - 0x00007fffb2a2e000 	C:\Windows\System32\SHELL32.dll
0x00007fffae1a0000 - 0x00007fffae944000 	C:\Windows\SYSTEM32\windows.storage.dll
0x00007fffb0130000 - 0x00007fffb015b000 	C:\Windows\SYSTEM32\Wldp.dll
0x00007fffb1bf0000 - 0x00007fffb1cbd000 	C:\Windows\System32\OLEAUT32.dll
0x00007fffb2f80000 - 0x00007fffb302d000 	C:\Windows\System32\SHCORE.dll
0x00007fffb1b90000 - 0x00007fffb1beb000 	C:\Windows\System32\shlwapi.dll
0x00007fffb0630000 - 0x00007fffb0654000 	C:\Windows\SYSTEM32\profapi.dll
0x00007fffa5c50000 - 0x00007fffa5c67000 	C:\Users\ASUS\.jdks\openjdk-23.0.1\bin\zip.dll
0x00007fffa8f10000 - 0x00007fffa8f20000 	C:\Users\ASUS\.jdks\openjdk-23.0.1\bin\net.dll
0x00007fffafe90000 - 0x00007fffafefa000 	C:\Windows\system32\mswsock.dll
0x00007fffa73a0000 - 0x00007fffa73b6000 	C:\Users\ASUS\.jdks\openjdk-23.0.1\bin\nio.dll
0x00007fff97e10000 - 0x00007fff97e2a000 	E:\IntelliJ\bin\breakgen64.dll
0x00007fffa5c40000 - 0x00007fffa5c49000 	C:\Users\ASUS\.jdks\openjdk-23.0.1\bin\extnet.dll
0x00007fffafb70000 - 0x00007fffafc3a000 	C:\Windows\SYSTEM32\DNSAPI.dll
0x00007fffafb20000 - 0x00007fffafb5b000 	C:\Windows\SYSTEM32\IPHLPAPI.DLL
0x00007fffb2f00000 - 0x00007fffb2f08000 	C:\Windows\System32\NSI.dll
0x00007fffa7a20000 - 0x00007fffa7a2a000 	C:\Windows\System32\rasadhlp.dll
0x00007fffa4c50000 - 0x00007fffa4cd0000 	C:\Windows\System32\fwpuclnt.dll
0x00007fff9d3c0000 - 0x00007fff9d3ca000 	C:\Users\ASUS\.jdks\openjdk-23.0.1\bin\management.dll
0x00007fff9cd80000 - 0x00007fff9cd8b000 	C:\Users\ASUS\.jdks\openjdk-23.0.1\bin\management_ext.dll
0x00007fffb2160000 - 0x00007fffb2168000 	C:\Windows\System32\PSAPI.DLL
0x00007fffb0090000 - 0x00007fffb00a8000 	C:\Windows\SYSTEM32\CRYPTSP.dll
0x00007fffaf740000 - 0x00007fffaf778000 	C:\Windows\system32\rsaenh.dll
0x00007fffb05f0000 - 0x00007fffb061e000 	C:\Windows\SYSTEM32\USERENV.dll
0x00007fffb0080000 - 0x00007fffb008c000 	C:\Windows\SYSTEM32\CRYPTBASE.dll
0x00007fff8a250000 - 0x00007fff8a267000 	C:\Windows\system32\napinsp.dll
0x00007fff8a230000 - 0x00007fff8a24b000 	C:\Windows\system32\pnrpnsp.dll
0x00007fffaa3d0000 - 0x00007fffaa3ed000 	C:\Windows\system32\wshbth.dll
0x00007fffaa290000 - 0x00007fffaa2ad000 	C:\Windows\system32\NLAapi.dll
0x00007fff89d80000 - 0x00007fff89d92000 	C:\Windows\System32\winrnr.dll
0x00007fff92060000 - 0x00007fff920b1000 	C:\Windows\SYSTEM32\pdh.dll
0x00007fffab070000 - 0x00007fffab07f000 	C:\Windows\System32\perfproc.dll
0x00007fff81d50000 - 0x00007fff81d5f000 	C:\Windows\System32\perfos.dll
0x00007fff97da0000 - 0x00007fff97dae000 	C:\Users\ASUS\.jdks\openjdk-23.0.1\bin\sunmscapi.dll
0x00007fffb0890000 - 0x00007fffb09ed000 	C:\Windows\System32\CRYPT32.dll
0x00007fffb01a0000 - 0x00007fffb01c7000 	C:\Windows\SYSTEM32\ncrypt.dll
0x00007fffb0160000 - 0x00007fffb019b000 	C:\Windows\SYSTEM32\NTASN1.dll
0x00007fff57850000 - 0x00007fff57857000 	C:\Windows\system32\wshunix.dll

dbghelp: loaded successfully - version: 4.0.5 - missing functions: none
symbol engine: initialized successfully - sym options: 0x614 - pdb path: .;C:\Users\ASUS\.jdks\openjdk-23.0.1\bin;C:\Windows\SYSTEM32;C:\Windows\WinSxS\amd64_microsoft.windows.common-controls_6595b64144ccf1df_6.0.19041.5915_none_60b4b9d171f9c7c7;C:\Users\ASUS\.jdks\openjdk-23.0.1\bin\server;E:\IntelliJ\bin

VM Arguments:
jvm_args: -XX:TieredStopAtLevel=1 -Dspring.output.ansi.enabled=always -Dcom.sun.management.jmxremote -Dspring.jmx.enabled=true -Dspring.liveBeansView.mbeanDomain -Dspring.application.admin.enabled=true -Dmanagement.endpoints.jmx.exposure.include=* -javaagent:E:\IntelliJ\lib\idea_rt.jar=60473:E:\IntelliJ\bin -Dfile.encoding=UTF-8 -Dsun.stdout.encoding=UTF-8 -Dsun.stderr.encoding=UTF-8 
java_command: com.example.student.StudentApplication
java_class_path (initial): F:\UCSC\Group Project II\TravelSri\backend\target\classes;C:\Users\ASUS\.m2\repository\io\github\cdimascio\java-dotenv\5.2.2\java-dotenv-5.2.2.jar;C:\Users\ASUS\.m2\repository\org\jetbrains\kotlin\kotlin-stdlib\1.9.25\kotlin-stdlib-1.9.25.jar;C:\Users\ASUS\.m2\repository\org\jetbrains\annotations\13.0\annotations-13.0.jar;C:\Users\ASUS\.m2\repository\io\jsonwebtoken\jjwt-api\0.11.5\jjwt-api-0.11.5.jar;C:\Users\ASUS\.m2\repository\io\jsonwebtoken\jjwt-impl\0.11.5\jjwt-impl-0.11.5.jar;C:\Users\ASUS\.m2\repository\io\jsonwebtoken\jjwt-jackson\0.11.5\jjwt-jackson-0.11.5.jar;C:\Users\ASUS\.m2\repository\com\fasterxml\jackson\core\jackson-databind\2.17.3\jackson-databind-2.17.3.jar;C:\Users\ASUS\.m2\repository\com\fasterxml\jackson\core\jackson-annotations\2.17.3\jackson-annotations-2.17.3.jar;C:\Users\ASUS\.m2\repository\com\fasterxml\jackson\core\jackson-core\2.17.3\jackson-core-2.17.3.jar;C:\Users\ASUS\.m2\repository\org\springframework\boot\spring-boot-starter-security\3.3.7\spring-boot-starter-security-3.3.7.jar;C:\Users\ASUS\.m2\repository\org\springframework\spring-aop\6.1.16\spring-aop-6.1.16.jar;C:\Users\ASUS\.m2\repository\org\springframework\spring-beans\6.1.16\spring-beans-6.1.16.jar;C:\Users\ASUS\.m2\repository\org\springframework\security\spring-security-config\6.3.6\spring-security-config-6.3.6.jar;C:\Users\ASUS\.m2\repository\org\springframework\security\spring-security-core\6.3.6\spring-security-core-6.3.6.jar;C:\Users\ASUS\.m2\repository\org\springframework\security\spring-security-crypto\6.3.6\spring-security-crypto-6.3.6.jar;C:\Users\ASUS\.m2\repository\org\springframework\spring-context\6.1.16\spring-context-6.1.16.jar;C:\Users\ASUS\.m2\repository\org\springframework\security\spring-security-web\6.3.6\spring-security-web-6.3.6.jar;C:\Users\ASUS\.m2\repository\org\springframework\spring-expression\6.1.16\spring-expression-6.1.16.jar;C:\Users\ASUS\.m2\repository\org\springframework\boot\spring-boot-starter\3.3.7\spring-boot-starter-3.3.7.jar;C:\Users\ASUS\.m2\repository\org\springframework\boot\spring-boot\3.3.7\spring-boot-3.3.7.jar;C:\Users\ASUS\.m2\repository\org\springframework\boot\spring-boot-autoconfigure\3.3.7\spring-boot-autoconfigure-3.3.7.jar;C:\Users\ASUS\.m2\repository\org\springframework\boot\spring-boot-starter-logging\3.3.7\spring-boot-starter-logging-3.3.7.jar;C:\Users\ASUS\.m2\repository\ch\qos\logback\logback-classic\1.5.12\logback-classic-1.5.12.jar;C:\Users\ASUS\.m2\repository\ch\qos\logback\logback-core\1.5.12\logback-core-1.5.12.jar;C:\Users\ASUS\.m2\repository\org\apache\logging\log4j\log4j-to-slf4j\2.23.1\log4j-to-slf4j-2.23.1.jar;C:\Users\ASUS\.m2\repository\org\apache\logging\log4j\log4j-api\2.23.1\log4j-api-2.23.1.jar;C:\Users\ASUS\.m2\repository\org\slf4j\jul-to-slf4j\2.0.16\jul-to-slf4j-2.0.16.jar;C:\Users\ASUS\.m2\repository\jakarta\annotation\jakarta.annotation-api\2.1.1\jakarta.annotation-api-2.1.1.jar;C:\Users\ASUS\.m2\repository\org\springframework\spring-core\6.1.16\spring-core-6.1.16.jar;C:\Users\ASUS\.m2\repository\org\springframework\spring-jcl\6.1.16\spring-jcl-6.1.16.jar;C:\Users\ASUS\.m2\repository\org\yaml\snakeyaml\2.2\snakeyaml-2.2.jar;C:\Users\ASUS\.m2\repository\org\springframework\boot\spring-boot-starter-web\3.3.7\spring-boot-starter-web-3.3.7.jar;C:\Users\ASUS\.m2\repository\org\springframework\boot\spring-boot-starter-json\3.3.7\spring-boot-starter-json-3.3.7.jar;C:\Users\ASUS\.m2\repository\com\fasterxml\jackson\datatype\jackson-datatype-jdk8\2.17.3\jackson-datatype-jdk8-2.17.3.jar;C:\Users\ASUS\.m2\repository\com\fasterxml\jackson\datatype\jackson-datatype-jsr310\2.17.3\jackson-datatype-jsr310-2.17.3.jar;C:\Users\ASUS\.m2\repository\com\fasterxml\jackson\module\jackson-module-parameter-names\2.17.3\jackson-module-parameter-names-2.17.3.jar;C:\Users\ASUS\.m2\repository\org\springframework\boot\spring-boot-starter-tomcat\3.3.7\spring-boot-starter-tomcat-3.3.7.jar;C:\Users\ASUS\.m2\repository\org\apache\tomcat\embed\tomcat-embed-core\10.1.34\tomcat-embed-core-10.1.34.jar;C:\Users\ASUS\.m2\repository\org\apache\tomcat\embed\tomcat-embed-el\10.1.34\tomcat-embed-el-10.1.34.jar;C:\Users\ASUS\.m2\repository\org\apache\tomcat\embed\tomcat-embed-websocket\10.1.34\tomcat-embed-websocket-10.1.34.jar;C:\Users\ASUS\.m2\repository\org\springframework\spring-web\6.1.16\spring-web-6.1.16.jar;C:\Users\ASUS\.m2\repository\io\micrometer\micrometer-observation\1.13.9\micrometer-observation-1.13.9.jar;C:\Users\ASUS\.m2\repository\io\micrometer\micrometer-commons\1.13.9\micrometer-commons-1.13.9.jar;C:\Users\ASUS\.m2\repository\org\springframework\spring-webmvc\6.1.16\spring-webmvc-6.1.16.jar;C:\Users\ASUS\.m2\repository\org\slf4j\slf4j-api\2.0.16\slf4j-api-2.0.16.jar;C:\Users\ASUS\.m2\repository\org\springframework\boot\spring-boot-starter-data-mongodb\3.3.7\spring-boot-starter-data-mongodb-3.3.7.jar;C:\Users\ASUS\.m2\repository\org\mongodb\mongodb-driver-sync\5.0.1\mongodb-driver-sync-5.0.1.jar;C:\Users\ASUS\.m2\repository\org\mongodb\bson\5.0.1\bson-5.0.1.jar;C:\Users\ASUS\.m2\repository\org\mongodb\mongodb-driver-core\5.0.1\mongodb-driver-core-5.0.1.jar;C:\Users\ASUS\.m2\repository\org\mongodb\bson-record-codec\5.0.1\bson-record-codec-5.0.1.jar;C:\Users\ASUS\.m2\repository\org\springframework\data\spring-data-mongodb\4.3.7\spring-data-mongodb-4.3.7.jar;C:\Users\ASUS\.m2\repository\org\springframework\spring-tx\6.1.16\spring-tx-6.1.16.jar;C:\Users\ASUS\.m2\repository\org\springframework\data\spring-data-commons\3.3.7\spring-data-commons-3.3.7.jar;C:\Users\ASUS\.m2\repository\org\projectlombok\lombok\1.18.36\lombok-1.18.36.jar;C:\Users\ASUS\.m2\repository\org\springframework\boot\spring-boot-devtools\3.3.7\spring-boot-devtools-3.3.7.jar
Launcher Type: SUN_STANDARD

[Global flags]
     intx CICompilerCount                          = 4                                         {product} {ergonomic}
     uint ConcGCThreads                            = 2                                         {product} {ergonomic}
     uint G1ConcRefinementThreads                  = 8                                         {product} {ergonomic}
   size_t G1HeapRegionSize                         = 2097152                                   {product} {ergonomic}
   size_t InitialHeapSize                          = 264241152                                 {product} {ergonomic}
     bool ManagementServer                         = true                                      {product} {command line}
   size_t MarkStackSize                            = 4194304                                   {product} {ergonomic}
   size_t MarkStackSizeMax                         = 536870912                                 {product} {ergonomic}
   size_t MaxHeapSize                              = 4215275520                                {product} {ergonomic}
   size_t MaxNewSize                               = 2529165312                                {product} {ergonomic}
   size_t MinHeapDeltaBytes                        = 2097152                                   {product} {ergonomic}
   size_t MinHeapSize                              = 8388608                                   {product} {ergonomic}
    uintx NonNMethodCodeHeapSize                   = 4096                                   {pd product} {ergonomic}
    uintx NonProfiledCodeHeapSize                  = 0                                      {pd product} {ergonomic}
     bool ProfileInterpreter                       = false                                  {pd product} {command line}
    uintx ProfiledCodeHeapSize                     = 0                                      {pd product} {ergonomic}
   size_t SoftMaxHeapSize                          = 4215275520                             {manageable} {ergonomic}
     intx TieredStopAtLevel                        = 1                                         {product} {command line}
     bool UseCompressedOops                        = true                           {product lp64_product} {ergonomic}
     bool UseG1GC                                  = true                                      {product} {ergonomic}
     bool UseLargePagesIndividualAllocation        = false                                  {pd product} {ergonomic}

Logging:
Log output configuration:
 #0: stdout all=warning uptime,level,tags foldmultilines=false
 #1: stderr all=off uptime,level,tags foldmultilines=false

Environment Variables:
JAVA_HOME=E:\java
PATH=C:\Program Files (x86)\NVIDIA Corporation\PhysX\Common;C:\Program Files\Common Files\Oracle\Java\javapath;C:\Program Files (x86)\VMware\VMware Workstation\bin\;E:\java\bin;C:\Windows\system32;C:\Windows;C:\Windows\System32\Wbem;C:\Windows\System32\WindowsPowerShell\v1.0\;C:\Windows\System32\OpenSSH\;C:\Program Files\Microsoft VS Code\bin;E:\Git\cmd;C:\xampp\php;E:\;E:\nodejs;C:\Program Files\MongoDB\mongosh-2.2.6-win32-x64\bin;C:\Program Files\dotnet\;E:\Arduino\Arduino IDE;C:\Program Files\MongoDB\Server\7.0\bin;E:\New folder (2)\apache-maven-3.9.9\bin;E:\MOB_APP_DEV\plugins\Kotlin\kotlinc\bin;E:\kotlin\kotlinc\bin;C:\Windows\system32\config\systemprofile\AppData\Local\Muse Hub\lib;C:\Users\ASUS\AppData\Local\Programs\Python\Python311\Scripts\;C:\Users\ASUS\AppData\Local\Programs\Python\Python311\;C:\Users\ASUS\AppData\Local\Microsoft\WindowsApps;C:\MinGW\bin;C:\Users\ASUS\AppData\Roaming\npm;C:\Users\ASUS\AppData\Local\Coursier\data\bin;C:\Users\ASUS\AppData\Local\Muse Hub\lib;E:\flutter\src\flutter\bin;E:\Android\platform-tools;
USERNAME=ASUS
OS=Windows_NT
PROCESSOR_IDENTIFIER=Intel64 Family 6 Model 140 Stepping 1, GenuineIntel
TMP=C:\Users\ASUS\AppData\Local\Temp
TEMP=C:\Users\ASUS\AppData\Local\Temp




Periodic native trim disabled

---------------  S Y S T E M  ---------------

OS:
 Windows 10 , 64 bit Build 19041 (10.0.19041.5915)
OS uptime: 0 days 5:52 hours

CPU: total 8 (initial active 8) (4 cores per cpu, 2 threads per core) family 6 model 140 stepping 1 microcode 0x9a, cx8, cmov, fxsr, ht, mmx, 3dnowpref, sse, sse2, sse3, ssse3, sse4.1, sse4.2, popcnt, lzcnt, tsc, tscinvbit, avx, avx2, aes, erms, clmul, bmi1, bmi2, adx, avx512f, avx512dq, avx512cd, avx512bw, avx512vl, sha, fma, vzeroupper, avx512_vpopcntdq, avx512_vpclmulqdq, avx512_vaes, avx512_vnni, clflush, clflushopt, clwb, avx512_vbmi2, avx512_vbmi, rdtscp, rdpid, fsrm, gfni, avx512_bitalg, f16c, pku, cet_ibt, cet_ss, avx512_ifma
Processor Information for the first 8 processors :
  Max Mhz: 2803, Current Mhz: 2803, Mhz Limit: 2803

Memory: 4k page, system-wide physical 16073M (3247M free)
TotalPageFile size 31258M (AvailPageFile size 4M)
current process WorkingSet (physical memory assigned to process): 212M, peak: 212M
current process commit charge ("private bytes"): 254M, peak: 381M

vm_info: OpenJDK 64-Bit Server VM (23.0.1+11-39) for windows-amd64 JRE (23.0.1+11-39), built on 2024-09-30T07:20:43Z with MS VC++ 17.6 (VS2022)

END.
